<?xml version="1.0" encoding="UTF-8"?>
<TestRun id="b5b44d8c-02e8-4a46-92fc-81138424bc0a" name="Cristian Gomes@CRISTIANNOTE 2014-09-17 17:36:02" runUser="CristianNote\Cristian Gomes" xmlns="http://microsoft.com/schemas/VisualStudio/TeamTest/2010">
  <TestSettings name="Local" id="17f09b63-edf0-4d4e-84e1-147954c099a3">
    <Description>These are default test settings for a local test run.</Description>
    <Deployment enabled="false" runDeploymentRoot="Cristian Gomes_CRISTIANNOTE 2014-09-17 17_36_02">
      <DeploymentItem filename="D:\ConsuTI\gcode\16 - Prudential\Fontes\Sistema Life Planner Agenda\SislpaTests\bin\Debug\AjaxControlToolkit.dll" />
      <DeploymentItem filename="D:\ConsuTI\gcode\16 - Prudential\Fontes\Sistema Life Planner Agenda\Sistema Life Planner Agenda\bin\Sistema Life Planner Agenda.dll" />
    </Deployment>
    <Execution>
      <TestTypeSpecific />
      <AgentRule name="Execution Agents">
      </AgentRule>
    </Execution>
  </TestSettings>
  <Times creation="2014-09-17T17:36:02.0337156-03:00" queuing="2014-09-17T17:36:03.6528083-03:00" start="2014-09-17T17:36:03.7218122-03:00" finish="2014-09-17T17:36:06.1139490-03:00" />
  <ResultSummary outcome="Completed">
    <Counters total="4" executed="4" passed="4" error="0" failed="0" timeout="0" aborted="0" inconclusive="0" passedButRunAborted="0" notRunnable="0" notExecuted="0" disconnected="0" warning="0" completed="0" inProgress="0" pending="0" />
  </ResultSummary>
  <TestDefinitions>
    <UnitTest name="AutenticarTest" storage="d:\consuti\gcode\16 - prudential\fontes\sistema life planner agenda\sislpatests\bin\debug\sislpatests.dll" id="141a4742-a385-caa0-fdee-730c1ca0ce71">
      <Execution id="8841ee26-c022-414f-b0da-782899491045" />
      <TestMethod codeBase="D:/ConsuTI/gcode/16 - Prudential/Fontes/Sistema Life Planner Agenda/SislpaTests/bin/Debug/SislpaTests.DLL" adapterTypeName="Microsoft.VisualStudio.TestTools.TestTypes.Unit.UnitTestAdapter, Microsoft.VisualStudio.QualityTools.Tips.UnitTest.Adapter, Version=10.0.0.0, Culture=neutral, PublicKeyToken=b03f5f7f11d50a3a" className="SislpaTests.UsuarioBDTest, SislpaTests, Version=1.0.0.0, Culture=neutral, PublicKeyToken=null" name="AutenticarTest" />
    </UnitTest>
    <UnitTest name="UsuarioAdminTest" storage="d:\consuti\gcode\16 - prudential\fontes\sistema life planner agenda\sislpatests\bin\debug\sislpatests.dll" id="864970ca-9104-ed6c-609f-c1f1761c9715">
      <Execution id="87a14e19-05f3-425f-94ef-0bdd99642204" />
      <TestMethod codeBase="D:/ConsuTI/gcode/16 - Prudential/Fontes/Sistema Life Planner Agenda/SislpaTests/bin/Debug/SislpaTests.DLL" adapterTypeName="Microsoft.VisualStudio.TestTools.TestTypes.Unit.UnitTestAdapter, Microsoft.VisualStudio.QualityTools.Tips.UnitTest.Adapter, Version=10.0.0.0, Culture=neutral, PublicKeyToken=b03f5f7f11d50a3a" className="SislpaTests.UsuarioBDTest, SislpaTests, Version=1.0.0.0, Culture=neutral, PublicKeyToken=null" name="UsuarioAdminTest" />
    </UnitTest>
    <UnitTest name="EmailAutorizadoTest" storage="d:\consuti\gcode\16 - prudential\fontes\sistema life planner agenda\sislpatests\bin\debug\sislpatests.dll" id="fa760c41-7120-11a6-d154-1b3750843e7c">
      <Execution id="06c6bb6e-93b7-4297-b107-1a59376f91df" />
      <TestMethod codeBase="D:/ConsuTI/gcode/16 - Prudential/Fontes/Sistema Life Planner Agenda/SislpaTests/bin/Debug/SislpaTests.DLL" adapterTypeName="Microsoft.VisualStudio.TestTools.TestTypes.Unit.UnitTestAdapter, Microsoft.VisualStudio.QualityTools.Tips.UnitTest.Adapter, Version=10.0.0.0, Culture=neutral, PublicKeyToken=b03f5f7f11d50a3a" className="SislpaTests.UsuarioBDTest, SislpaTests, Version=1.0.0.0, Culture=neutral, PublicKeyToken=null" name="EmailAutorizadoTest" />
    </UnitTest>
    <UnitTest name="IncluirTest" storage="d:\consuti\gcode\16 - prudential\fontes\sistema life planner agenda\sislpatests\bin\debug\sislpatests.dll" id="f4cef54b-64ff-64c8-3e8e-e03b64d61f4e">
      <Execution id="b70f1b9a-a16f-45a0-a724-3e9d26375752" />
      <TestMethod codeBase="D:/ConsuTI/gcode/16 - Prudential/Fontes/Sistema Life Planner Agenda/SislpaTests/bin/Debug/SislpaTests.DLL" adapterTypeName="Microsoft.VisualStudio.TestTools.TestTypes.Unit.UnitTestAdapter, Microsoft.VisualStudio.QualityTools.Tips.UnitTest.Adapter, Version=10.0.0.0, Culture=neutral, PublicKeyToken=b03f5f7f11d50a3a" className="SislpaTests.UsuarioBDTest, SislpaTests, Version=1.0.0.0, Culture=neutral, PublicKeyToken=null" name="IncluirTest" />
    </UnitTest>
  </TestDefinitions>
  <TestLists>
    <TestList name="Results Not in a List" id="8c84fa94-04c1-424b-9868-57a2d4851a1d" />
    <TestList name="All Loaded Results" id="19431567-8539-422a-85d7-44ee4e166bda" />
  </TestLists>
  <TestEntries>
    <TestEntry testId="141a4742-a385-caa0-fdee-730c1ca0ce71" executionId="8841ee26-c022-414f-b0da-782899491045" testListId="8c84fa94-04c1-424b-9868-57a2d4851a1d" />
    <TestEntry testId="864970ca-9104-ed6c-609f-c1f1761c9715" executionId="87a14e19-05f3-425f-94ef-0bdd99642204" testListId="8c84fa94-04c1-424b-9868-57a2d4851a1d" />
    <TestEntry testId="f4cef54b-64ff-64c8-3e8e-e03b64d61f4e" executionId="b70f1b9a-a16f-45a0-a724-3e9d26375752" testListId="8c84fa94-04c1-424b-9868-57a2d4851a1d" />
    <TestEntry testId="fa760c41-7120-11a6-d154-1b3750843e7c" executionId="06c6bb6e-93b7-4297-b107-1a59376f91df" testListId="8c84fa94-04c1-424b-9868-57a2d4851a1d" />
  </TestEntries>
  <Results>
    <UnitTestResult executionId="8841ee26-c022-414f-b0da-782899491045" testId="141a4742-a385-caa0-fdee-730c1ca0ce71" testName="AutenticarTest" computerName="CRISTIANNOTE" duration="00:00:01.2788060" startTime="2014-09-17T17:36:03.8228180-03:00" endTime="2014-09-17T17:36:05.6559228-03:00" testType="13cdc9d9-ddb5-4fa4-a97d-d965ccfc6d4b" outcome="Passed" testListId="8c84fa94-04c1-424b-9868-57a2d4851a1d" relativeResultsDirectory="8841ee26-c022-414f-b0da-782899491045">
    </UnitTestResult>
    <UnitTestResult executionId="87a14e19-05f3-425f-94ef-0bdd99642204" testId="864970ca-9104-ed6c-609f-c1f1761c9715" testName="UsuarioAdminTest" computerName="CRISTIANNOTE" duration="00:00:00.1476575" startTime="2014-09-17T17:36:05.6619232-03:00" endTime="2014-09-17T17:36:05.8159320-03:00" testType="13cdc9d9-ddb5-4fa4-a97d-d965ccfc6d4b" outcome="Passed" testListId="8c84fa94-04c1-424b-9868-57a2d4851a1d" relativeResultsDirectory="87a14e19-05f3-425f-94ef-0bdd99642204">
    </UnitTestResult>
    <UnitTestResult executionId="b70f1b9a-a16f-45a0-a724-3e9d26375752" testId="f4cef54b-64ff-64c8-3e8e-e03b64d61f4e" testName="IncluirTest" computerName="CRISTIANNOTE" duration="00:00:00.2109478" startTime="2014-09-17T17:36:05.8219323-03:00" endTime="2014-09-17T17:36:06.0379447-03:00" testType="13cdc9d9-ddb5-4fa4-a97d-d965ccfc6d4b" outcome="Passed" testListId="8c84fa94-04c1-424b-9868-57a2d4851a1d" relativeResultsDirectory="b70f1b9a-a16f-45a0-a724-3e9d26375752">
    </UnitTestResult>
    <UnitTestResult executionId="06c6bb6e-93b7-4297-b107-1a59376f91df" testId="fa760c41-7120-11a6-d154-1b3750843e7c" testName="EmailAutorizadoTest" computerName="CRISTIANNOTE" duration="00:00:00.0190971" startTime="2014-09-17T17:36:06.0389447-03:00" endTime="2014-09-17T17:36:06.0629461-03:00" testType="13cdc9d9-ddb5-4fa4-a97d-d965ccfc6d4b" outcome="Passed" testListId="8c84fa94-04c1-424b-9868-57a2d4851a1d" relativeResultsDirectory="06c6bb6e-93b7-4297-b107-1a59376f91df">
    </UnitTestResult>
  </Results>
</TestRun>